<!DOCTYPE htmlPUBLIC>
<html><body>
<p>-//W3C//DTDHTML4.0Transitional//EN""http://www.w3.org/TR/REC-html40/loose.dtd"&gt;</p>
<p>2004-10-1911:09</p>
</body></html>
