<!DOCTYPE htmlPUBLIC>
<html><body>
<p>-//W3C//DTDHTML4.0Transitional//EN""http://www.w3.org/TR/REC-html40/loose.dtd"&gt;</p>
<p></p>
<div><spanclass><ahref>RSSSolutionsforRestaurants<spanclass>2004-10-1911:09<pclass>RSSisafascinatingtechnology.TheusesforRSSareexpandingdaily.TakeacloserlookathowvariousindustriesareusingthebenefitsofRSSintheirbusinesses.<pclass>RSSisafascinatingtechnology.TheusesforRSSareexpandingdaily.TakeacloserlookathowvariousindustriesareusingthebenefitsofRSSintheirbusinesses.</pclass></pclass></spanclass></ahref></spanclass></div>
</body></html>
