<!DOCTYPE htmlPUBLIC>
<html><body>
<p>-//W3C//DTDHTML4.0Transitional//EN""http://www.w3.org/TR/REC-html40/loose.dtd"&gt;</p>
<p>Computers/Software/Internet/SiteManagement/ContentManagement</p>
</body></html>
